[36mvite v5.4.19 [32mbuilding for production...[36m[39m
transforming...
node.exe : Browserslist: 
browsers data 
(caniuse-lite) is 8 months 
old. Please run:
At line:1 char:1
+ & "C:\Program 
Files\nodejs/node.exe" 
"C:\Program 
Files\nodejs/node_mo ...
+ ~~~~~~~~~~~~~~~~~~~~~~~~~~
~~~~~~~~~~~~~~~~~~~~~~~~~~~~
~~~~~~~~~~~~~~~
    + CategoryInfo          
    : NotSpecified: (Brows  
  erslist: b...ld. Please   
  run::String) [], Remot    
eException
    + FullyQualifiedErrorId 
    : NativeCommandError
 
  npx update-browserslist-db
@latest
  Why you should do it 
regularly: https://github.co
m/browserslist/update-db#rea
dme
[32mΓ£ô[39m 3027 modules transformed.
rendering chunks...
computing gzip size...
[2mdist/[22m[32mindex.html                 [39m[1m[2m    1.45 kB[22m[1m[22m[2m Γöé gzip:   0.61 kB[22m
[2mdist/[22m[35massets/index-Cxfd1zbT.css  [39m[1m[2m  105.14 kB[22m[1m[22m[2m Γöé gzip:  17.13 kB[22m
[2mdist/[22m[36massets/index-CLWhKl5i.js   [39m[1m[33m1,909.82 kB[39m[22m[2m Γöé gzip: 432.07 kB[22m
[33m
(!) Some chunks are larger 
than 500 kB after 
minification. Consider:
- Using dynamic import() to 
code-split the application
- Use build.rollupOptions.ou
tput.manualChunks to 
improve chunking: https://ro
llupjs.org/configuration-opt
ions/#output-manualchunks
- Adjust chunk size limit 
for this warning via build.c
hunkSizeWarningLimit.[39m
[32mΓ£ô built in 13.99s[39m
